Isis Model Compiler 3.00
Compiling model ...
       6 equations processed
Ordering equations ...
Writing MIF file ...
Writing cross-reference file ...
End compilation
Reading mif file ...
Model with     6 equations read
Checking Model-code ...
Logical operand expected in equation x1
Logical operand expected in equation x2
Type mismatch between Then and Else expression in equation x3
Logical operand expected in equation x4
Arithmetic operand expected in equation x5
Errors encountered in model ...
