Variable a used more than once in left hand side
Line: 1 of file mdl/incl/incl_err.mdl
a = 1;
  ^

Duplicate equation a
Line: 1 of file mdl/incl/incl_err.mdl
a = 1;
     ^

end; statement not allowed in included file
Line: 3 of file mdl/incl/incl_err.mdl
end;
   ^

