end; statement not allowed in included file
Line: 3 of file mdl/incl/incl_err.mdl
end;
   ^

