Isis Model Compiler 3.00
Compiling model ...
       1 equations processed
Ordering equations ...
Writing MIF file ...
Writing cross-reference file ...
End compilation
Reading mif file ...
Model with     1 equations read
Checking Model-code ...
Argument of user language function is a logical in equation z
Errors encountered in model ...
