
Model Solve Options
Solution period               2015Q2/2016Q3
Simulation mode               dynamic
Feedback starting values      current period
Maximum iterations per period 50
Relaxation minimum
           maximum
           shrinkage
Criteria stepback
          matrix
Maximum updates Newton matrix per period                 10
Maximum number of line searches with old Jacobian        5
Criterion for line search decisions etc.                 geometric


     3 CAs NOT used by Fit because the corresponding variables are fixed in simulation period:
     c  i  md
     1 remaining CAs used by Fit:
     t
Convergence for 2015Q2 in    0 iterations
Number of CAs used by Fit     1
Number of fit targets         2
Not enough endogenous CAs for Fit
Fit procedure will not be executed in 2015Q2
Total number of iterations    0
Solve model used X CPU secs
