
Model Solve Options
Solution period               2015Q2/2016Q3
Simulation mode               dynamic
Feedback starting values      current period
Maximum iterations per period 50
Relaxation minimum
           maximum
           shrinkage
Criteria stepback
          matrix
Maximum updates Newton matrix per period                 10
Maximum number of line searches with old Jacobian        5
Criterion for line search decisions etc.                 geometric


     4 CAs used by Fit:
     c  i  md t
Convergence for 2015Q2 in    0 iterations
 Fiter     Icond        Ratio       Delwmx Type Name
     0                                     Rel  r
Fit convergence in 2015Q2       after    0 iterations and    0 jacobians

Convergence for 2015Q3 in    0 iterations

----->  Set of CAs used by Fit changed in period 2015Q3
        because some variables are fixed/unfixed.
     1 CAs NOT used by Fit because the corresponding variables are fixed:
     c
     3 remaining CAs used by Fit:
     i  md t
<------

 Fiter     Icond        Ratio       Delwmx Type Name
     0                                     Rel  r
Fit convergence in 2015Q3       after    0 iterations and    0 jacobians

Convergence for 2015Q4 in    0 iterations

----->  Set of CAs used by Fit changed in period 2015Q4
        because some variables are fixed/unfixed.
     All CAs in activate equations with rms > 0 are used
     4 CAs used by Fit:
     c  i  md t
<------

 Fiter     Icond        Ratio       Delwmx Type Name
     0                                     Rel  r
Fit convergence in 2015Q4       after    0 iterations and    0 jacobians

Convergence for 2016Q1 in    0 iterations
Convergence for 2016Q2 in    0 iterations
Convergence for 2016Q3 in    0 iterations
Total number of iterations    0
Solve model used X CPU secs
